<?xml version="1.0"?>
<link_info>
   <banner>MSP430 Linker PC v16.9.0.LTS</banner>
   <copyright>Copyright (c) 2003-2015 Texas Instruments Incorporated</copyright>
   <link_time>0x5859abcc</link_time>
   <link_errors>0x0</link_errors>
   <output_file>MSP430i_Serial.out</output_file>
   <entry_point>
      <name>_c_int00_noargs_noexit</name>
      <address>0x8284</address>
   </entry_point>
   <input_file_list>
      <input_file id="fl-2">
         <path>.\</path>
         <kind>object</kind>
         <file>low_level_init.obj</file>
         <name>low_level_init.obj</name>
      </input_file>
      <input_file id="fl-3">
         <path>.\</path>
         <kind>object</kind>
         <file>main.obj</file>
         <name>main.obj</name>
      </input_file>
      <input_file id="fl-1e">
         <path>C:\ti\ccsv7\tools\compiler\ti-cgt-msp430_16.9.0.LTS\lib\</path>
         <kind>archive</kind>
         <file>rts430_eabi.lib</file>
         <name>boot.obj</name>
      </input_file>
      <input_file id="fl-1f">
         <path>C:\ti\ccsv7\tools\compiler\ti-cgt-msp430_16.9.0.LTS\lib\</path>
         <kind>archive</kind>
         <file>rts430_eabi.lib</file>
         <name>boot_special.obj</name>
      </input_file>
      <input_file id="fl-20">
         <path>C:\ti\ccsv7\tools\compiler\ti-cgt-msp430_16.9.0.LTS\lib\</path>
         <kind>archive</kind>
         <file>rts430_eabi.lib</file>
         <name>copy_decompress_lzss.obj</name>
      </input_file>
      <input_file id="fl-21">
         <path>C:\ti\ccsv7\tools\compiler\ti-cgt-msp430_16.9.0.LTS\lib\</path>
         <kind>archive</kind>
         <file>rts430_eabi.lib</file>
         <name>copy_decompress_none.obj</name>
      </input_file>
      <input_file id="fl-22">
         <path>C:\ti\ccsv7\tools\compiler\ti-cgt-msp430_16.9.0.LTS\lib\</path>
         <kind>archive</kind>
         <file>rts430_eabi.lib</file>
         <name>copy_zero_init.obj</name>
      </input_file>
      <input_file id="fl-23">
         <path>C:\ti\ccsv7\tools\compiler\ti-cgt-msp430_16.9.0.LTS\lib\</path>
         <kind>archive</kind>
         <file>rts430_eabi.lib</file>
         <name>epilog.obj</name>
      </input_file>
      <input_file id="fl-24">
         <path>C:\ti\ccsv7\tools\compiler\ti-cgt-msp430_16.9.0.LTS\lib\</path>
         <kind>archive</kind>
         <file>rts430_eabi.lib</file>
         <name>exit.obj</name>
      </input_file>
      <input_file id="fl-25">
         <path>C:\ti\ccsv7\tools\compiler\ti-cgt-msp430_16.9.0.LTS\lib\</path>
         <kind>archive</kind>
         <file>rts430_eabi.lib</file>
         <name>exit_gvars.obj</name>
      </input_file>
      <input_file id="fl-26">
         <path>C:\ti\ccsv7\tools\compiler\ti-cgt-msp430_16.9.0.LTS\lib\</path>
         <kind>archive</kind>
         <file>rts430_eabi.lib</file>
         <name>int01.obj</name>
      </input_file>
      <input_file id="fl-27">
         <path>C:\ti\ccsv7\tools\compiler\ti-cgt-msp430_16.9.0.LTS\lib\</path>
         <kind>archive</kind>
         <file>rts430_eabi.lib</file>
         <name>int04.obj</name>
      </input_file>
      <input_file id="fl-28">
         <path>C:\ti\ccsv7\tools\compiler\ti-cgt-msp430_16.9.0.LTS\lib\</path>
         <kind>archive</kind>
         <file>rts430_eabi.lib</file>
         <name>int05.obj</name>
      </input_file>
      <input_file id="fl-29">
         <path>C:\ti\ccsv7\tools\compiler\ti-cgt-msp430_16.9.0.LTS\lib\</path>
         <kind>archive</kind>
         <file>rts430_eabi.lib</file>
         <name>int06.obj</name>
      </input_file>
      <input_file id="fl-2a">
         <path>C:\ti\ccsv7\tools\compiler\ti-cgt-msp430_16.9.0.LTS\lib\</path>
         <kind>archive</kind>
         <file>rts430_eabi.lib</file>
         <name>int07.obj</name>
      </input_file>
      <input_file id="fl-2b">
         <path>C:\ti\ccsv7\tools\compiler\ti-cgt-msp430_16.9.0.LTS\lib\</path>
         <kind>archive</kind>
         <file>rts430_eabi.lib</file>
         <name>int08.obj</name>
      </input_file>
      <input_file id="fl-2c">
         <path>C:\ti\ccsv7\tools\compiler\ti-cgt-msp430_16.9.0.LTS\lib\</path>
         <kind>archive</kind>
         <file>rts430_eabi.lib</file>
         <name>int10.obj</name>
      </input_file>
      <input_file id="fl-2d">
         <path>C:\ti\ccsv7\tools\compiler\ti-cgt-msp430_16.9.0.LTS\lib\</path>
         <kind>archive</kind>
         <file>rts430_eabi.lib</file>
         <name>int11.obj</name>
      </input_file>
      <input_file id="fl-2e">
         <path>C:\ti\ccsv7\tools\compiler\ti-cgt-msp430_16.9.0.LTS\lib\</path>
         <kind>archive</kind>
         <file>rts430_eabi.lib</file>
         <name>int12.obj</name>
      </input_file>
      <input_file id="fl-2f">
         <path>C:\ti\ccsv7\tools\compiler\ti-cgt-msp430_16.9.0.LTS\lib\</path>
         <kind>archive</kind>
         <file>rts430_eabi.lib</file>
         <name>int13.obj</name>
      </input_file>
      <input_file id="fl-30">
         <path>C:\ti\ccsv7\tools\compiler\ti-cgt-msp430_16.9.0.LTS\lib\</path>
         <kind>archive</kind>
         <file>rts430_eabi.lib</file>
         <name>int14.obj</name>
      </input_file>
      <input_file id="fl-31">
         <path>C:\ti\ccsv7\tools\compiler\ti-cgt-msp430_16.9.0.LTS\lib\</path>
         <kind>archive</kind>
         <file>rts430_eabi.lib</file>
         <name>isr_trap.obj</name>
      </input_file>
      <input_file id="fl-32">
         <path>C:\ti\ccsv7\tools\compiler\ti-cgt-msp430_16.9.0.LTS\lib\</path>
         <kind>archive</kind>
         <file>rts430_eabi.lib</file>
         <name>lsl16.obj</name>
      </input_file>
      <input_file id="fl-33">
         <path>C:\ti\ccsv7\tools\compiler\ti-cgt-msp430_16.9.0.LTS\lib\</path>
         <kind>archive</kind>
         <file>rts430_eabi.lib</file>
         <name>lsr16.obj</name>
      </input_file>
      <input_file id="fl-34">
         <path>C:\ti\ccsv7\tools\compiler\ti-cgt-msp430_16.9.0.LTS\lib\</path>
         <kind>archive</kind>
         <file>rts430_eabi.lib</file>
         <name>memcpy.obj</name>
      </input_file>
      <input_file id="fl-35">
         <path>C:\ti\ccsv7\tools\compiler\ti-cgt-msp430_16.9.0.LTS\lib\</path>
         <kind>archive</kind>
         <file>rts430_eabi.lib</file>
         <name>mpu_init.obj</name>
      </input_file>
      <input_file id="fl-36">
         <path>C:\ti\ccsv7\tools\compiler\ti-cgt-msp430_16.9.0.LTS\lib\</path>
         <kind>archive</kind>
         <file>rts430_eabi.lib</file>
         <name>mult1632_hw.obj</name>
      </input_file>
      <input_file id="fl-37">
         <path>C:\ti\ccsv7\tools\compiler\ti-cgt-msp430_16.9.0.LTS\lib\</path>
         <kind>archive</kind>
         <file>rts430_eabi.lib</file>
         <name>mult16_hw.obj</name>
      </input_file>
      <input_file id="fl-38">
         <path>C:\ti\ccsv7\tools\compiler\ti-cgt-msp430_16.9.0.LTS\lib\</path>
         <kind>archive</kind>
         <file>rts430_eabi.lib</file>
         <name>mult3264_hw.obj</name>
      </input_file>
      <input_file id="fl-39">
         <path>C:\ti\ccsv7\tools\compiler\ti-cgt-msp430_16.9.0.LTS\lib\</path>
         <kind>archive</kind>
         <file>rts430_eabi.lib</file>
         <name>mult32_hw.obj</name>
      </input_file>
      <input_file id="fl-3a">
         <path>C:\ti\ccsv7\tools\compiler\ti-cgt-msp430_16.9.0.LTS\lib\</path>
         <kind>archive</kind>
         <file>rts430_eabi.lib</file>
         <name>mult64_hw.obj</name>
      </input_file>
      <input_file id="fl-3b">
         <path>C:\ti\ccsv7\tools\compiler\ti-cgt-msp430_16.9.0.LTS\lib\</path>
         <kind>archive</kind>
         <file>rts430_eabi.lib</file>
         <name>_lock.obj</name>
      </input_file>
      <input_file id="fl-3c">
         <path>C:\ti\ccsv7\tools\compiler\ti-cgt-msp430_16.9.0.LTS\lib\</path>
         <kind>archive</kind>
         <file>rts430_eabi.lib</file>
         <name>args_main.obj</name>
      </input_file>
      <input_file id="fl-3d">
         <path>C:\ti\ccsv7\tools\compiler\ti-cgt-msp430_16.9.0.LTS\lib\</path>
         <kind>archive</kind>
         <file>rts430_eabi.lib</file>
         <name>autoinit.obj</name>
      </input_file>
      <input_file id="fl-3e">
         <path>C:\ti\ccsv7\tools\compiler\ti-cgt-msp430_16.9.0.LTS\lib\</path>
         <kind>archive</kind>
         <file>rts430_eabi.lib</file>
         <name>cpy_tbl.obj</name>
      </input_file>
      <input_file id="fl-3f">
         <path>C:\ti\ccsv7\tools\compiler\ti-cgt-msp430_16.9.0.LTS\lib\</path>
         <kind>archive</kind>
         <file>rts430_eabi.lib</file>
         <name>mult16.obj</name>
      </input_file>
      <input_file id="fl-40">
         <path>C:\ti\ccsv7\tools\compiler\ti-cgt-msp430_16.9.0.LTS\lib\</path>
         <kind>archive</kind>
         <file>rts430_eabi.lib</file>
         <name>startup.obj</name>
      </input_file>
   </input_file_list>
   <object_component_list>
      <object_component id="oc-1bc">
         <name>.data:text</name>
         <load_address>0x200</load_address>
         <run_address>0x200</run_address>
         <size>0xd</size>
         <input_file_ref idref="fl-3"/>
      </object_component>
      <object_component id="oc-131">
         <name>.stack</name>
         <uninitialized>true</uninitialized>
         <run_address>0x9b0</run_address>
         <size>0x2</size>
         <input_file_ref idref="fl-1e"/>
      </object_component>
      <object_component id="oc-266">
         <name>.stack</name>
         <uninitialized>true</uninitialized>
         <run_address>0x9b0</run_address>
         <size>0x0</size>
      </object_component>
      <object_component id="oc-30">
         <name>.text:decompress:lzss:__TI_decompress_lzss</name>
         <load_address>0x8000</load_address>
         <run_address>0x8000</run_address>
         <size>0x7c</size>
         <input_file_ref idref="fl-20"/>
      </object_component>
      <object_component id="oc-174">
         <name>.text:_auto_init</name>
         <load_address>0x807c</load_address>
         <run_address>0x807c</run_address>
         <size>0x6e</size>
         <input_file_ref idref="fl-3d"/>
      </object_component>
      <object_component id="oc-16e">
         <name>.text:_system_pre_init</name>
         <load_address>0x80ea</load_address>
         <run_address>0x80ea</run_address>
         <size>0x64</size>
         <input_file_ref idref="fl-2"/>
      </object_component>
      <object_component id="oc-1c4">
         <name>.text:copy_in</name>
         <load_address>0x814e</load_address>
         <run_address>0x814e</run_address>
         <size>0x5a</size>
         <input_file_ref idref="fl-3e"/>
      </object_component>
      <object_component id="oc-13a">
         <name>.text</name>
         <load_address>0x81a8</load_address>
         <run_address>0x81a8</run_address>
         <size>0x4c</size>
         <input_file_ref idref="fl-33"/>
      </object_component>
      <object_component id="oc-18e">
         <name>.text:main</name>
         <load_address>0x81f4</load_address>
         <run_address>0x81f4</run_address>
         <size>0x3a</size>
         <input_file_ref idref="fl-3"/>
      </object_component>
      <object_component id="oc-135">
         <name>.text</name>
         <load_address>0x822e</load_address>
         <run_address>0x822e</run_address>
         <size>0x2c</size>
         <input_file_ref idref="fl-32"/>
      </object_component>
      <object_component id="oc-161">
         <name>.text:USCI_A0_ISR</name>
         <load_address>0x825a</load_address>
         <run_address>0x825a</run_address>
         <size>0x2a</size>
         <input_file_ref idref="fl-3"/>
      </object_component>
      <object_component id="oc-66">
         <name>.text:_c_int00_noargs_noexit</name>
         <load_address>0x8284</load_address>
         <run_address>0x8284</run_address>
         <size>0x1a</size>
         <input_file_ref idref="fl-1f"/>
      </object_component>
      <object_component id="oc-1f1">
         <name>.text</name>
         <load_address>0x829e</load_address>
         <run_address>0x829e</run_address>
         <size>0x14</size>
         <input_file_ref idref="fl-37"/>
      </object_component>
      <object_component id="oc-36">
         <name>.text:decompress:none:__TI_decompress_none</name>
         <load_address>0x82b2</load_address>
         <run_address>0x82b2</run_address>
         <size>0x12</size>
         <input_file_ref idref="fl-21"/>
      </object_component>
      <object_component id="oc-14f">
         <name>.text:memcpy</name>
         <load_address>0x82c4</load_address>
         <run_address>0x82c4</run_address>
         <size>0x12</size>
         <input_file_ref idref="fl-34"/>
      </object_component>
      <object_component id="oc-13f">
         <name>.text</name>
         <load_address>0x82d6</load_address>
         <run_address>0x82d6</run_address>
         <size>0x10</size>
         <input_file_ref idref="fl-23"/>
      </object_component>
      <object_component id="oc-15c">
         <name>.text:_isr:__TI_ISR_TRAP</name>
         <load_address>0x82e6</load_address>
         <run_address>0x82e6</run_address>
         <size>0x8</size>
         <input_file_ref idref="fl-31"/>
      </object_component>
      <object_component id="oc-196">
         <name>.text:abort</name>
         <load_address>0x82ee</load_address>
         <run_address>0x82ee</run_address>
         <size>0x6</size>
         <input_file_ref idref="fl-24"/>
      </object_component>
      <object_component id="oc-1ca">
         <name>.text:_system_post_cinit</name>
         <load_address>0x82f4</load_address>
         <run_address>0x82f4</run_address>
         <size>0x2</size>
         <input_file_ref idref="fl-40"/>
      </object_component>
      <object_component id="oc-265">
         <name>.cinit..data.load</name>
         <load_address>0x82f6</load_address>
         <run_address>0x82f6</run_address>
         <size>0x11</size>
      </object_component>
      <object_component id="oc-263">
         <name>__TI_handler_table</name>
         <load_address>0x8308</load_address>
         <run_address>0x8308</run_address>
         <size>0x4</size>
      </object_component>
      <object_component id="oc-264">
         <name>__TI_cinit_table</name>
         <load_address>0x830c</load_address>
         <run_address>0x830c</run_address>
         <size>0x4</size>
      </object_component>
      <object_component id="oc-230">
         <name>.binit</name>
         <load_address>0x8000</load_address>
         <run_address>0x8000</run_address>
         <size>0x0</size>
      </object_component>
      <object_component id="oc-3c">
         <name>.int01</name>
         <load_address>0xffe2</load_address>
         <run_address>0xffe2</run_address>
         <size>0x2</size>
         <input_file_ref idref="fl-26"/>
      </object_component>
      <object_component id="oc-3d">
         <name>.int04</name>
         <load_address>0xffe8</load_address>
         <run_address>0xffe8</run_address>
         <size>0x2</size>
         <input_file_ref idref="fl-27"/>
      </object_component>
      <object_component id="oc-3e">
         <name>.int05</name>
         <load_address>0xffea</load_address>
         <run_address>0xffea</run_address>
         <size>0x2</size>
         <input_file_ref idref="fl-28"/>
      </object_component>
      <object_component id="oc-3f">
         <name>.int06</name>
         <load_address>0xffec</load_address>
         <run_address>0xffec</run_address>
         <size>0x2</size>
         <input_file_ref idref="fl-29"/>
      </object_component>
      <object_component id="oc-40">
         <name>.int07</name>
         <load_address>0xffee</load_address>
         <run_address>0xffee</run_address>
         <size>0x2</size>
         <input_file_ref idref="fl-2a"/>
      </object_component>
      <object_component id="oc-41">
         <name>.int08</name>
         <load_address>0xfff0</load_address>
         <run_address>0xfff0</run_address>
         <size>0x2</size>
         <input_file_ref idref="fl-2b"/>
      </object_component>
      <object_component id="oc-42">
         <name>.int09</name>
         <load_address>0xfff2</load_address>
         <run_address>0xfff2</run_address>
         <size>0x2</size>
         <input_file_ref idref="fl-3"/>
      </object_component>
      <object_component id="oc-43">
         <name>.int10</name>
         <load_address>0xfff4</load_address>
         <run_address>0xfff4</run_address>
         <size>0x2</size>
         <input_file_ref idref="fl-2c"/>
      </object_component>
      <object_component id="oc-44">
         <name>.int11</name>
         <load_address>0xfff6</load_address>
         <run_address>0xfff6</run_address>
         <size>0x2</size>
         <input_file_ref idref="fl-2d"/>
      </object_component>
      <object_component id="oc-45">
         <name>.int12</name>
         <load_address>0xfff8</load_address>
         <run_address>0xfff8</run_address>
         <size>0x2</size>
         <input_file_ref idref="fl-2e"/>
      </object_component>
      <object_component id="oc-46">
         <name>.int13</name>
         <load_address>0xfffa</load_address>
         <run_address>0xfffa</run_address>
         <size>0x2</size>
         <input_file_ref idref="fl-2f"/>
      </object_component>
      <object_component id="oc-47">
         <name>.int14</name>
         <load_address>0xfffc</load_address>
         <run_address>0xfffc</run_address>
         <size>0x2</size>
         <input_file_ref idref="fl-30"/>
      </object_component>
      <object_component id="oc-134">
         <name>.reset</name>
         <load_address>0xfffe</load_address>
         <run_address>0xfffe</run_address>
         <size>0x2</size>
         <input_file_ref idref="fl-1e"/>
      </object_component>
      <object_component id="oc-1c3">
         <name>.debug_info</name>
         <load_address>0x0</load_address>
         <run_address>0x0</run_address>
         <size>0x29d</size>
         <input_file_ref idref="fl-2"/>
      </object_component>
      <object_component id="oc-16f">
         <name>.debug_info</name>
         <load_address>0x29d</load_address>
         <run_address>0x29d</run_address>
         <size>0x1dd</size>
         <input_file_ref idref="fl-2"/>
      </object_component>
      <object_component id="oc-14a">
         <name>.debug_info</name>
         <load_address>0x47a</load_address>
         <run_address>0x47a</run_address>
         <size>0x84</size>
         <input_file_ref idref="fl-2"/>
      </object_component>
      <object_component id="oc-1ee">
         <name>.debug_info</name>
         <load_address>0x4fe</load_address>
         <run_address>0x4fe</run_address>
         <size>0x31d</size>
         <input_file_ref idref="fl-3"/>
      </object_component>
      <object_component id="oc-1bd">
         <name>.debug_info</name>
         <load_address>0x81b</load_address>
         <run_address>0x81b</run_address>
         <size>0xf4</size>
         <input_file_ref idref="fl-3"/>
      </object_component>
      <object_component id="oc-192">
         <name>.debug_info</name>
         <load_address>0x90f</load_address>
         <run_address>0x90f</run_address>
         <size>0x11e</size>
         <input_file_ref idref="fl-3"/>
      </object_component>
      <object_component id="oc-165">
         <name>.debug_info</name>
         <load_address>0xa2d</load_address>
         <run_address>0xa2d</run_address>
         <size>0x138</size>
         <input_file_ref idref="fl-3"/>
      </object_component>
      <object_component id="oc-132">
         <name>.debug_info</name>
         <load_address>0xb65</load_address>
         <run_address>0xb65</run_address>
         <size>0xf5</size>
         <input_file_ref idref="fl-1e"/>
      </object_component>
      <object_component id="oc-69">
         <name>.debug_info</name>
         <load_address>0xc5a</load_address>
         <run_address>0xc5a</run_address>
         <size>0x196</size>
         <input_file_ref idref="fl-1f"/>
      </object_component>
      <object_component id="oc-1ac">
         <name>.debug_info</name>
         <load_address>0xdf0</load_address>
         <run_address>0xdf0</run_address>
         <size>0x16b</size>
         <input_file_ref idref="fl-20"/>
      </object_component>
      <object_component id="oc-32">
         <name>.debug_info</name>
         <load_address>0xf5b</load_address>
         <run_address>0xf5b</run_address>
         <size>0x287</size>
         <input_file_ref idref="fl-20"/>
      </object_component>
      <object_component id="oc-145">
         <name>.debug_info</name>
         <load_address>0x11e2</load_address>
         <run_address>0x11e2</run_address>
         <size>0x60</size>
         <input_file_ref idref="fl-20"/>
      </object_component>
      <object_component id="oc-1a7">
         <name>.debug_info</name>
         <load_address>0x1242</load_address>
         <run_address>0x1242</run_address>
         <size>0x46</size>
         <input_file_ref idref="fl-20"/>
      </object_component>
      <object_component id="oc-15b">
         <name>.debug_info</name>
         <load_address>0x1288</load_address>
         <run_address>0x1288</run_address>
         <size>0x1b2</size>
         <input_file_ref idref="fl-21"/>
      </object_component>
      <object_component id="oc-38">
         <name>.debug_info</name>
         <load_address>0x143a</load_address>
         <run_address>0x143a</run_address>
         <size>0x1df</size>
         <input_file_ref idref="fl-21"/>
      </object_component>
      <object_component id="oc-156">
         <name>.debug_info</name>
         <load_address>0x1619</load_address>
         <run_address>0x1619</run_address>
         <size>0x46</size>
         <input_file_ref idref="fl-21"/>
      </object_component>
      <object_component id="oc-1b4">
         <name>.debug_info</name>
         <load_address>0x165f</load_address>
         <run_address>0x165f</run_address>
         <size>0x2c</size>
         <input_file_ref idref="fl-21"/>
      </object_component>
      <object_component id="oc-1af">
         <name>.debug_info</name>
         <load_address>0x168b</load_address>
         <run_address>0x168b</run_address>
         <size>0x2c</size>
         <input_file_ref idref="fl-22"/>
      </object_component>
      <object_component id="oc-140">
         <name>.debug_info</name>
         <load_address>0x16b7</load_address>
         <run_address>0x16b7</run_address>
         <size>0x126</size>
         <input_file_ref idref="fl-23"/>
      </object_component>
      <object_component id="oc-19a">
         <name>.debug_info</name>
         <load_address>0x17dd</load_address>
         <run_address>0x17dd</run_address>
         <size>0x117</size>
         <input_file_ref idref="fl-24"/>
      </object_component>
      <object_component id="oc-15d">
         <name>.debug_info</name>
         <load_address>0x18f4</load_address>
         <run_address>0x18f4</run_address>
         <size>0x107</size>
         <input_file_ref idref="fl-31"/>
      </object_component>
      <object_component id="oc-136">
         <name>.debug_info</name>
         <load_address>0x19fb</load_address>
         <run_address>0x19fb</run_address>
         <size>0x118</size>
         <input_file_ref idref="fl-32"/>
      </object_component>
      <object_component id="oc-13b">
         <name>.debug_info</name>
         <load_address>0x1b13</load_address>
         <run_address>0x1b13</run_address>
         <size>0x118</size>
         <input_file_ref idref="fl-33"/>
      </object_component>
      <object_component id="oc-1ae">
         <name>.debug_info</name>
         <load_address>0x1c2b</load_address>
         <run_address>0x1c2b</run_address>
         <size>0x16d</size>
         <input_file_ref idref="fl-34"/>
      </object_component>
      <object_component id="oc-153">
         <name>.debug_info</name>
         <load_address>0x1d98</load_address>
         <run_address>0x1d98</run_address>
         <size>0x191</size>
         <input_file_ref idref="fl-34"/>
      </object_component>
      <object_component id="oc-1f4">
         <name>.debug_info</name>
         <load_address>0x1f29</load_address>
         <run_address>0x1f29</run_address>
         <size>0x117</size>
         <input_file_ref idref="fl-37"/>
      </object_component>
      <object_component id="oc-1d1">
         <name>.debug_info</name>
         <load_address>0x2040</load_address>
         <run_address>0x2040</run_address>
         <size>0x3b6</size>
         <input_file_ref idref="fl-3d"/>
      </object_component>
      <object_component id="oc-175">
         <name>.debug_info</name>
         <load_address>0x23f6</load_address>
         <run_address>0x23f6</run_address>
         <size>0x1c2</size>
         <input_file_ref idref="fl-3d"/>
      </object_component>
      <object_component id="oc-1fb">
         <name>.debug_info</name>
         <load_address>0x25b8</load_address>
         <run_address>0x25b8</run_address>
         <size>0x39</size>
         <input_file_ref idref="fl-3d"/>
      </object_component>
      <object_component id="oc-200">
         <name>.debug_info</name>
         <load_address>0x25f1</load_address>
         <run_address>0x25f1</run_address>
         <size>0xcd</size>
         <input_file_ref idref="fl-3d"/>
      </object_component>
      <object_component id="oc-1f7">
         <name>.debug_info</name>
         <load_address>0x26be</load_address>
         <run_address>0x26be</run_address>
         <size>0x252</size>
         <input_file_ref idref="fl-3e"/>
      </object_component>
      <object_component id="oc-1c8">
         <name>.debug_info</name>
         <load_address>0x2910</load_address>
         <run_address>0x2910</run_address>
         <size>0x1b0</size>
         <input_file_ref idref="fl-3e"/>
      </object_component>
      <object_component id="oc-225">
         <name>.debug_info</name>
         <load_address>0x2ac0</load_address>
         <run_address>0x2ac0</run_address>
         <size>0x2c</size>
         <input_file_ref idref="fl-3e"/>
      </object_component>
      <object_component id="oc-1cc">
         <name>.debug_info</name>
         <load_address>0x2aec</load_address>
         <run_address>0x2aec</run_address>
         <size>0x145</size>
         <input_file_ref idref="fl-40"/>
      </object_component>
      <object_component id="oc-267">
         <name>.debug_info</name>
         <load_address>0x2c31</load_address>
         <run_address>0x2c31</run_address>
         <size>0xce</size>
      </object_component>
      <object_component id="oc-1f0">
         <name>.debug_line</name>
         <load_address>0x0</load_address>
         <run_address>0x0</run_address>
         <size>0xa1</size>
         <input_file_ref idref="fl-2"/>
      </object_component>
      <object_component id="oc-172">
         <name>.debug_line</name>
         <load_address>0xa1</load_address>
         <run_address>0xa1</run_address>
         <size>0x72</size>
         <input_file_ref idref="fl-2"/>
      </object_component>
      <object_component id="oc-14d">
         <name>.debug_line</name>
         <load_address>0x113</load_address>
         <run_address>0x113</run_address>
         <size>0x20</size>
         <input_file_ref idref="fl-2"/>
      </object_component>
      <object_component id="oc-221">
         <name>.debug_line</name>
         <load_address>0x133</load_address>
         <run_address>0x133</run_address>
         <size>0xa1</size>
         <input_file_ref idref="fl-3"/>
      </object_component>
      <object_component id="oc-1ed">
         <name>.debug_line</name>
         <load_address>0x1d4</load_address>
         <run_address>0x1d4</run_address>
         <size>0x2d</size>
         <input_file_ref idref="fl-3"/>
      </object_component>
      <object_component id="oc-190">
         <name>.debug_line</name>
         <load_address>0x201</load_address>
         <run_address>0x201</run_address>
         <size>0x4a</size>
         <input_file_ref idref="fl-3"/>
      </object_component>
      <object_component id="oc-164">
         <name>.debug_line</name>
         <load_address>0x24b</load_address>
         <run_address>0x24b</run_address>
         <size>0x4f</size>
         <input_file_ref idref="fl-3"/>
      </object_component>
      <object_component id="oc-1a3">
         <name>.debug_line</name>
         <load_address>0x29a</load_address>
         <run_address>0x29a</run_address>
         <size>0x2a</size>
         <input_file_ref idref="fl-1e"/>
      </object_component>
      <object_component id="oc-67">
         <name>.debug_line</name>
         <load_address>0x2c4</load_address>
         <run_address>0x2c4</run_address>
         <size>0x4c</size>
         <input_file_ref idref="fl-1f"/>
      </object_component>
      <object_component id="oc-1e9">
         <name>.debug_line</name>
         <load_address>0x310</load_address>
         <run_address>0x310</run_address>
         <size>0x20</size>
         <input_file_ref idref="fl-20"/>
      </object_component>
      <object_component id="oc-35">
         <name>.debug_line</name>
         <load_address>0x330</load_address>
         <run_address>0x330</run_address>
         <size>0x92</size>
         <input_file_ref idref="fl-20"/>
      </object_component>
      <object_component id="oc-148">
         <name>.debug_line</name>
         <load_address>0x3c2</load_address>
         <run_address>0x3c2</run_address>
         <size>0x3a</size>
         <input_file_ref idref="fl-20"/>
      </object_component>
      <object_component id="oc-1aa">
         <name>.debug_line</name>
         <load_address>0x3fc</load_address>
         <run_address>0x3fc</run_address>
         <size>0x8a</size>
         <input_file_ref idref="fl-20"/>
      </object_component>
      <object_component id="oc-1ba">
         <name>.debug_line</name>
         <load_address>0x486</load_address>
         <run_address>0x486</run_address>
         <size>0x8a</size>
         <input_file_ref idref="fl-21"/>
      </object_component>
      <object_component id="oc-3b">
         <name>.debug_line</name>
         <load_address>0x510</load_address>
         <run_address>0x510</run_address>
         <size>0x50</size>
         <input_file_ref idref="fl-21"/>
      </object_component>
      <object_component id="oc-159">
         <name>.debug_line</name>
         <load_address>0x560</load_address>
         <run_address>0x560</run_address>
         <size>0x3a</size>
         <input_file_ref idref="fl-21"/>
      </object_component>
      <object_component id="oc-1b7">
         <name>.debug_line</name>
         <load_address>0x59a</load_address>
         <run_address>0x59a</run_address>
         <size>0x8a</size>
         <input_file_ref idref="fl-21"/>
      </object_component>
      <object_component id="oc-1b2">
         <name>.debug_line</name>
         <load_address>0x624</load_address>
         <run_address>0x624</run_address>
         <size>0x8a</size>
         <input_file_ref idref="fl-22"/>
      </object_component>
      <object_component id="oc-143">
         <name>.debug_line</name>
         <load_address>0x6ae</load_address>
         <run_address>0x6ae</run_address>
         <size>0x40</size>
         <input_file_ref idref="fl-23"/>
      </object_component>
      <object_component id="oc-197">
         <name>.debug_line</name>
         <load_address>0x6ee</load_address>
         <run_address>0x6ee</run_address>
         <size>0x3d</size>
         <input_file_ref idref="fl-24"/>
      </object_component>
      <object_component id="oc-160">
         <name>.debug_line</name>
         <load_address>0x72b</load_address>
         <run_address>0x72b</run_address>
         <size>0x3d</size>
         <input_file_ref idref="fl-31"/>
      </object_component>
      <object_component id="oc-139">
         <name>.debug_line</name>
         <load_address>0x768</load_address>
         <run_address>0x768</run_address>
         <size>0x4e</size>
         <input_file_ref idref="fl-32"/>
      </object_component>
      <object_component id="oc-13e">
         <name>.debug_line</name>
         <load_address>0x7b6</load_address>
         <run_address>0x7b6</run_address>
         <size>0x5e</size>
         <input_file_ref idref="fl-33"/>
      </object_component>
      <object_component id="oc-1eb">
         <name>.debug_line</name>
         <load_address>0x814</load_address>
         <run_address>0x814</run_address>
         <size>0x20</size>
         <input_file_ref idref="fl-34"/>
      </object_component>
      <object_component id="oc-151">
         <name>.debug_line</name>
         <load_address>0x834</load_address>
         <run_address>0x834</run_address>
         <size>0x45</size>
         <input_file_ref idref="fl-34"/>
      </object_component>
      <object_component id="oc-1f3">
         <name>.debug_line</name>
         <load_address>0x879</load_address>
         <run_address>0x879</run_address>
         <size>0x42</size>
         <input_file_ref idref="fl-37"/>
      </object_component>
      <object_component id="oc-1fa">
         <name>.debug_line</name>
         <load_address>0x8bb</load_address>
         <run_address>0x8bb</run_address>
         <size>0xa9</size>
         <input_file_ref idref="fl-3d"/>
      </object_component>
      <object_component id="oc-178">
         <name>.debug_line</name>
         <load_address>0x964</load_address>
         <run_address>0x964</run_address>
         <size>0x91</size>
         <input_file_ref idref="fl-3d"/>
      </object_component>
      <object_component id="oc-1fe">
         <name>.debug_line</name>
         <load_address>0x9f5</load_address>
         <run_address>0x9f5</run_address>
         <size>0x2e</size>
         <input_file_ref idref="fl-3d"/>
      </object_component>
      <object_component id="oc-203">
         <name>.debug_line</name>
         <load_address>0xa23</load_address>
         <run_address>0xa23</run_address>
         <size>0x8b</size>
         <input_file_ref idref="fl-3d"/>
      </object_component>
      <object_component id="oc-224">
         <name>.debug_line</name>
         <load_address>0xaae</load_address>
         <run_address>0xaae</run_address>
         <size>0x98</size>
         <input_file_ref idref="fl-3e"/>
      </object_component>
      <object_component id="oc-1c7">
         <name>.debug_line</name>
         <load_address>0xb46</load_address>
         <run_address>0xb46</run_address>
         <size>0x5f</size>
         <input_file_ref idref="fl-3e"/>
      </object_component>
      <object_component id="oc-228">
         <name>.debug_line</name>
         <load_address>0xba5</load_address>
         <run_address>0xba5</run_address>
         <size>0x2e</size>
         <input_file_ref idref="fl-3e"/>
      </object_component>
      <object_component id="oc-1cb">
         <name>.debug_line</name>
         <load_address>0xbd3</load_address>
         <run_address>0xbd3</run_address>
         <size>0x3a</size>
         <input_file_ref idref="fl-40"/>
      </object_component>
      <object_component id="oc-173">
         <name>.debug_frame</name>
         <load_address>0x0</load_address>
         <run_address>0x0</run_address>
         <size>0x39</size>
         <input_file_ref idref="fl-2"/>
      </object_component>
      <object_component id="oc-18f">
         <name>.debug_frame</name>
         <load_address>0x39</load_address>
         <run_address>0x39</run_address>
         <size>0x39</size>
         <input_file_ref idref="fl-3"/>
      </object_component>
      <object_component id="oc-163">
         <name>.debug_frame</name>
         <load_address>0x72</load_address>
         <run_address>0x72</run_address>
         <size>0x49</size>
         <input_file_ref idref="fl-3"/>
      </object_component>
      <object_component id="oc-68">
         <name>.debug_frame</name>
         <load_address>0xbb</load_address>
         <run_address>0xbb</run_address>
         <size>0x34</size>
         <input_file_ref idref="fl-1f"/>
      </object_component>
      <object_component id="oc-31">
         <name>.debug_frame</name>
         <load_address>0xef</load_address>
         <run_address>0xef</run_address>
         <size>0x48</size>
         <input_file_ref idref="fl-20"/>
      </object_component>
      <object_component id="oc-3a">
         <name>.debug_frame</name>
         <load_address>0x137</load_address>
         <run_address>0x137</run_address>
         <size>0x39</size>
         <input_file_ref idref="fl-21"/>
      </object_component>
      <object_component id="oc-198">
         <name>.debug_frame</name>
         <load_address>0x170</load_address>
         <run_address>0x170</run_address>
         <size>0x39</size>
         <input_file_ref idref="fl-24"/>
      </object_component>
      <object_component id="oc-152">
         <name>.debug_frame</name>
         <load_address>0x1a9</load_address>
         <run_address>0x1a9</run_address>
         <size>0x39</size>
         <input_file_ref idref="fl-34"/>
      </object_component>
      <object_component id="oc-179">
         <name>.debug_frame</name>
         <load_address>0x1e2</load_address>
         <run_address>0x1e2</run_address>
         <size>0x43</size>
         <input_file_ref idref="fl-3d"/>
      </object_component>
      <object_component id="oc-1c6">
         <name>.debug_frame</name>
         <load_address>0x225</load_address>
         <run_address>0x225</run_address>
         <size>0x43</size>
         <input_file_ref idref="fl-3e"/>
      </object_component>
      <object_component id="oc-1cf">
         <name>.debug_frame</name>
         <load_address>0x268</load_address>
         <run_address>0x268</run_address>
         <size>0x39</size>
         <input_file_ref idref="fl-40"/>
      </object_component>
      <object_component id="oc-1ef">
         <name>.debug_abbrev</name>
         <load_address>0x0</load_address>
         <run_address>0x0</run_address>
         <size>0x89</size>
         <input_file_ref idref="fl-2"/>
      </object_component>
      <object_component id="oc-1c2">
         <name>.debug_abbrev</name>
         <load_address>0x89</load_address>
         <run_address>0x89</run_address>
         <size>0x60</size>
         <input_file_ref idref="fl-2"/>
      </object_component>
      <object_component id="oc-14c">
         <name>.debug_abbrev</name>
         <load_address>0xe9</load_address>
         <run_address>0xe9</run_address>
         <size>0x1f</size>
         <input_file_ref idref="fl-2"/>
      </object_component>
      <object_component id="oc-220">
         <name>.debug_abbrev</name>
         <load_address>0x108</load_address>
         <run_address>0x108</run_address>
         <size>0x7e</size>
         <input_file_ref idref="fl-3"/>
      </object_component>
      <object_component id="oc-1ec">
         <name>.debug_abbrev</name>
         <load_address>0x186</load_address>
         <run_address>0x186</run_address>
         <size>0x29</size>
         <input_file_ref idref="fl-3"/>
      </object_component>
      <object_component id="oc-1e6">
         <name>.debug_abbrev</name>
         <load_address>0x1af</load_address>
         <run_address>0x1af</run_address>
         <size>0x50</size>
         <input_file_ref idref="fl-3"/>
      </object_component>
      <object_component id="oc-1bf">
         <name>.debug_abbrev</name>
         <load_address>0x1ff</load_address>
         <run_address>0x1ff</run_address>
         <size>0x61</size>
         <input_file_ref idref="fl-3"/>
      </object_component>
      <object_component id="oc-1a2">
         <name>.debug_abbrev</name>
         <load_address>0x260</load_address>
         <run_address>0x260</run_address>
         <size>0x29</size>
         <input_file_ref idref="fl-1e"/>
      </object_component>
      <object_component id="oc-19c">
         <name>.debug_abbrev</name>
         <load_address>0x289</load_address>
         <run_address>0x289</run_address>
         <size>0x58</size>
         <input_file_ref idref="fl-1f"/>
      </object_component>
      <object_component id="oc-1e8">
         <name>.debug_abbrev</name>
         <load_address>0x2e1</load_address>
         <run_address>0x2e1</run_address>
         <size>0x37</size>
         <input_file_ref idref="fl-20"/>
      </object_component>
      <object_component id="oc-144">
         <name>.debug_abbrev</name>
         <load_address>0x318</load_address>
         <run_address>0x318</run_address>
         <size>0x7d</size>
         <input_file_ref idref="fl-20"/>
      </object_component>
      <object_component id="oc-147">
         <name>.debug_abbrev</name>
         <load_address>0x395</load_address>
         <run_address>0x395</run_address>
         <size>0x24</size>
         <input_file_ref idref="fl-20"/>
      </object_component>
      <object_component id="oc-1a9">
         <name>.debug_abbrev</name>
         <load_address>0x3b9</load_address>
         <run_address>0x3b9</run_address>
         <size>0x35</size>
         <input_file_ref idref="fl-20"/>
      </object_component>
      <object_component id="oc-1b9">
         <name>.debug_abbrev</name>
         <load_address>0x3ee</load_address>
         <run_address>0x3ee</run_address>
         <size>0x5d</size>
         <input_file_ref idref="fl-21"/>
      </object_component>
      <object_component id="oc-155">
         <name>.debug_abbrev</name>
         <load_address>0x44b</load_address>
         <run_address>0x44b</run_address>
         <size>0x74</size>
         <input_file_ref idref="fl-21"/>
      </object_component>
      <object_component id="oc-158">
         <name>.debug_abbrev</name>
         <load_address>0x4bf</load_address>
         <run_address>0x4bf</run_address>
         <size>0x24</size>
         <input_file_ref idref="fl-21"/>
      </object_component>
      <object_component id="oc-1b6">
         <name>.debug_abbrev</name>
         <load_address>0x4e3</load_address>
         <run_address>0x4e3</run_address>
         <size>0x24</size>
         <input_file_ref idref="fl-21"/>
      </object_component>
      <object_component id="oc-1b1">
         <name>.debug_abbrev</name>
         <load_address>0x507</load_address>
         <run_address>0x507</run_address>
         <size>0x24</size>
         <input_file_ref idref="fl-22"/>
      </object_component>
      <object_component id="oc-1a6">
         <name>.debug_abbrev</name>
         <load_address>0x52b</load_address>
         <run_address>0x52b</run_address>
         <size>0x3a</size>
         <input_file_ref idref="fl-23"/>
      </object_component>
      <object_component id="oc-1e7">
         <name>.debug_abbrev</name>
         <load_address>0x565</load_address>
         <run_address>0x565</run_address>
         <size>0x45</size>
         <input_file_ref idref="fl-24"/>
      </object_component>
      <object_component id="oc-1bb">
         <name>.debug_abbrev</name>
         <load_address>0x5aa</load_address>
         <run_address>0x5aa</run_address>
         <size>0x28</size>
         <input_file_ref idref="fl-31"/>
      </object_component>
      <object_component id="oc-1a4">
         <name>.debug_abbrev</name>
         <load_address>0x5d2</load_address>
         <run_address>0x5d2</run_address>
         <size>0x3c</size>
         <input_file_ref idref="fl-32"/>
      </object_component>
      <object_component id="oc-1a5">
         <name>.debug_abbrev</name>
         <load_address>0x60e</load_address>
         <run_address>0x60e</run_address>
         <size>0x3c</size>
         <input_file_ref idref="fl-33"/>
      </object_component>
      <object_component id="oc-1ea">
         <name>.debug_abbrev</name>
         <load_address>0x64a</load_address>
         <run_address>0x64a</run_address>
         <size>0x3e</size>
         <input_file_ref idref="fl-34"/>
      </object_component>
      <object_component id="oc-1ad">
         <name>.debug_abbrev</name>
         <load_address>0x688</load_address>
         <run_address>0x688</run_address>
         <size>0x71</size>
         <input_file_ref idref="fl-34"/>
      </object_component>
      <object_component id="oc-222">
         <name>.debug_abbrev</name>
         <load_address>0x6f9</load_address>
         <run_address>0x6f9</run_address>
         <size>0x2e</size>
         <input_file_ref idref="fl-37"/>
      </object_component>
      <object_component id="oc-1f9">
         <name>.debug_abbrev</name>
         <load_address>0x727</load_address>
         <run_address>0x727</run_address>
         <size>0xb9</size>
         <input_file_ref idref="fl-3d"/>
      </object_component>
      <object_component id="oc-1d0">
         <name>.debug_abbrev</name>
         <load_address>0x7e0</load_address>
         <run_address>0x7e0</run_address>
         <size>0x7e</size>
         <input_file_ref idref="fl-3d"/>
      </object_component>
      <object_component id="oc-1fd">
         <name>.debug_abbrev</name>
         <load_address>0x85e</load_address>
         <run_address>0x85e</run_address>
         <size>0x24</size>
         <input_file_ref idref="fl-3d"/>
      </object_component>
      <object_component id="oc-202">
         <name>.debug_abbrev</name>
         <load_address>0x882</load_address>
         <run_address>0x882</run_address>
         <size>0x4b</size>
         <input_file_ref idref="fl-3d"/>
      </object_component>
      <object_component id="oc-223">
         <name>.debug_abbrev</name>
         <load_address>0x8cd</load_address>
         <run_address>0x8cd</run_address>
         <size>0xa7</size>
         <input_file_ref idref="fl-3e"/>
      </object_component>
      <object_component id="oc-1f6">
         <name>.debug_abbrev</name>
         <load_address>0x974</load_address>
         <run_address>0x974</run_address>
         <size>0x8c</size>
         <input_file_ref idref="fl-3e"/>
      </object_component>
      <object_component id="oc-227">
         <name>.debug_abbrev</name>
         <load_address>0xa00</load_address>
         <run_address>0xa00</run_address>
         <size>0x24</size>
         <input_file_ref idref="fl-3e"/>
      </object_component>
      <object_component id="oc-1f8">
         <name>.debug_abbrev</name>
         <load_address>0xa24</load_address>
         <run_address>0xa24</run_address>
         <size>0x53</size>
         <input_file_ref idref="fl-40"/>
      </object_component>
      <object_component id="oc-268">
         <name>.debug_abbrev</name>
         <load_address>0xa77</load_address>
         <run_address>0xa77</run_address>
         <size>0xf</size>
      </object_component>
      <object_component id="oc-14e">
         <name>.debug_str</name>
         <load_address>0x0</load_address>
         <run_address>0x0</run_address>
         <size>0xfa</size>
         <input_file_ref idref="fl-2"/>
      </object_component>
      <object_component id="oc-149">
         <name>.debug_str</name>
         <load_address>0xfa</load_address>
         <run_address>0xfa</run_address>
         <size>0x10d</size>
         <input_file_ref idref="fl-20"/>
      </object_component>
      <object_component id="oc-1ab">
         <name>.debug_str</name>
         <load_address>0x207</load_address>
         <run_address>0x207</run_address>
         <size>0x14a</size>
         <input_file_ref idref="fl-20"/>
      </object_component>
      <object_component id="oc-15a">
         <name>.debug_str</name>
         <load_address>0x351</load_address>
         <run_address>0x351</run_address>
         <size>0x100</size>
         <input_file_ref idref="fl-21"/>
      </object_component>
      <object_component id="oc-1b8">
         <name>.debug_str</name>
         <load_address>0x451</load_address>
         <run_address>0x451</run_address>
         <size>0x12d</size>
         <input_file_ref idref="fl-21"/>
      </object_component>
      <object_component id="oc-1b3">
         <name>.debug_str</name>
         <load_address>0x57e</load_address>
         <run_address>0x57e</run_address>
         <size>0x12d</size>
         <input_file_ref idref="fl-22"/>
      </object_component>
      <object_component id="oc-1ff">
         <name>.debug_str</name>
         <load_address>0x6ab</load_address>
         <run_address>0x6ab</run_address>
         <size>0xe2</size>
         <input_file_ref idref="fl-3d"/>
      </object_component>
      <object_component id="oc-204">
         <name>.debug_str</name>
         <load_address>0x78d</load_address>
         <run_address>0x78d</run_address>
         <size>0x184</size>
         <input_file_ref idref="fl-3d"/>
      </object_component>
      <object_component id="oc-229">
         <name>.debug_str</name>
         <load_address>0x911</load_address>
         <run_address>0x911</run_address>
         <size>0xd7</size>
         <input_file_ref idref="fl-3e"/>
      </object_component>
      <object_component id="oc-170">
         <name>.debug_aranges</name>
         <load_address>0x0</load_address>
         <run_address>0x0</run_address>
         <size>0x20</size>
         <input_file_ref idref="fl-2"/>
      </object_component>
      <object_component id="oc-191">
         <name>.debug_aranges</name>
         <load_address>0x20</load_address>
         <run_address>0x20</run_address>
         <size>0x20</size>
         <input_file_ref idref="fl-3"/>
      </object_component>
      <object_component id="oc-162">
         <name>.debug_aranges</name>
         <load_address>0x40</load_address>
         <run_address>0x40</run_address>
         <size>0x20</size>
         <input_file_ref idref="fl-3"/>
      </object_component>
      <object_component id="oc-6a">
         <name>.debug_aranges</name>
         <load_address>0x60</load_address>
         <run_address>0x60</run_address>
         <size>0x20</size>
         <input_file_ref idref="fl-1f"/>
      </object_component>
      <object_component id="oc-34">
         <name>.debug_aranges</name>
         <load_address>0x80</load_address>
         <run_address>0x80</run_address>
         <size>0x20</size>
         <input_file_ref idref="fl-20"/>
      </object_component>
      <object_component id="oc-37">
         <name>.debug_aranges</name>
         <load_address>0xa0</load_address>
         <run_address>0xa0</run_address>
         <size>0x20</size>
         <input_file_ref idref="fl-21"/>
      </object_component>
      <object_component id="oc-141">
         <name>.debug_aranges</name>
         <load_address>0xc0</load_address>
         <run_address>0xc0</run_address>
         <size>0x20</size>
         <input_file_ref idref="fl-23"/>
      </object_component>
      <object_component id="oc-199">
         <name>.debug_aranges</name>
         <load_address>0xe0</load_address>
         <run_address>0xe0</run_address>
         <size>0x20</size>
         <input_file_ref idref="fl-24"/>
      </object_component>
      <object_component id="oc-15e">
         <name>.debug_aranges</name>
         <load_address>0x100</load_address>
         <run_address>0x100</run_address>
         <size>0x20</size>
         <input_file_ref idref="fl-31"/>
      </object_component>
      <object_component id="oc-137">
         <name>.debug_aranges</name>
         <load_address>0x120</load_address>
         <run_address>0x120</run_address>
         <size>0x20</size>
         <input_file_ref idref="fl-32"/>
      </object_component>
      <object_component id="oc-13d">
         <name>.debug_aranges</name>
         <load_address>0x140</load_address>
         <run_address>0x140</run_address>
         <size>0x20</size>
         <input_file_ref idref="fl-33"/>
      </object_component>
      <object_component id="oc-150">
         <name>.debug_aranges</name>
         <load_address>0x160</load_address>
         <run_address>0x160</run_address>
         <size>0x20</size>
         <input_file_ref idref="fl-34"/>
      </object_component>
      <object_component id="oc-1f2">
         <name>.debug_aranges</name>
         <load_address>0x180</load_address>
         <run_address>0x180</run_address>
         <size>0x20</size>
         <input_file_ref idref="fl-37"/>
      </object_component>
      <object_component id="oc-177">
         <name>.debug_aranges</name>
         <load_address>0x1a0</load_address>
         <run_address>0x1a0</run_address>
         <size>0x20</size>
         <input_file_ref idref="fl-3d"/>
      </object_component>
      <object_component id="oc-1c5">
         <name>.debug_aranges</name>
         <load_address>0x1c0</load_address>
         <run_address>0x1c0</run_address>
         <size>0x20</size>
         <input_file_ref idref="fl-3e"/>
      </object_component>
      <object_component id="oc-1ce">
         <name>.debug_aranges</name>
         <load_address>0x1e0</load_address>
         <run_address>0x1e0</run_address>
         <size>0x20</size>
         <input_file_ref idref="fl-40"/>
      </object_component>
      <object_component id="oc-171">
         <name>.debug_pubnames</name>
         <load_address>0x0</load_address>
         <run_address>0x0</run_address>
         <size>0x27</size>
         <input_file_ref idref="fl-2"/>
      </object_component>
      <object_component id="oc-1be">
         <name>.debug_pubnames</name>
         <load_address>0x27</load_address>
         <run_address>0x27</run_address>
         <size>0x1b</size>
         <input_file_ref idref="fl-3"/>
      </object_component>
      <object_component id="oc-193">
         <name>.debug_pubnames</name>
         <load_address>0x42</load_address>
         <run_address>0x42</run_address>
         <size>0x1b</size>
         <input_file_ref idref="fl-3"/>
      </object_component>
      <object_component id="oc-166">
         <name>.debug_pubnames</name>
         <load_address>0x5d</load_address>
         <run_address>0x5d</run_address>
         <size>0x22</size>
         <input_file_ref idref="fl-3"/>
      </object_component>
      <object_component id="oc-133">
         <name>.debug_pubnames</name>
         <load_address>0x7f</load_address>
         <run_address>0x7f</run_address>
         <size>0x1d</size>
         <input_file_ref idref="fl-1e"/>
      </object_component>
      <object_component id="oc-6b">
         <name>.debug_pubnames</name>
         <load_address>0x9c</load_address>
         <run_address>0x9c</run_address>
         <size>0x2d</size>
         <input_file_ref idref="fl-1f"/>
      </object_component>
      <object_component id="oc-33">
         <name>.debug_pubnames</name>
         <load_address>0xc9</load_address>
         <run_address>0xc9</run_address>
         <size>0x2b</size>
         <input_file_ref idref="fl-20"/>
      </object_component>
      <object_component id="oc-39">
         <name>.debug_pubnames</name>
         <load_address>0xf4</load_address>
         <run_address>0xf4</run_address>
         <size>0x2b</size>
         <input_file_ref idref="fl-21"/>
      </object_component>
      <object_component id="oc-142">
         <name>.debug_pubnames</name>
         <load_address>0x11f</load_address>
         <run_address>0x11f</run_address>
         <size>0x2b</size>
         <input_file_ref idref="fl-23"/>
      </object_component>
      <object_component id="oc-19b">
         <name>.debug_pubnames</name>
         <load_address>0x14a</load_address>
         <run_address>0x14a</run_address>
         <size>0x1c</size>
         <input_file_ref idref="fl-24"/>
      </object_component>
      <object_component id="oc-15f">
         <name>.debug_pubnames</name>
         <load_address>0x166</load_address>
         <run_address>0x166</run_address>
         <size>0x2b</size>
         <input_file_ref idref="fl-31"/>
      </object_component>
      <object_component id="oc-138">
         <name>.debug_pubnames</name>
         <load_address>0x191</load_address>
         <run_address>0x191</run_address>
         <size>0x24</size>
         <input_file_ref idref="fl-32"/>
      </object_component>
      <object_component id="oc-13c">
         <name>.debug_pubnames</name>
         <load_address>0x1b5</load_address>
         <run_address>0x1b5</run_address>
         <size>0x24</size>
         <input_file_ref idref="fl-33"/>
      </object_component>
      <object_component id="oc-154">
         <name>.debug_pubnames</name>
         <load_address>0x1d9</load_address>
         <run_address>0x1d9</run_address>
         <size>0x1d</size>
         <input_file_ref idref="fl-34"/>
      </object_component>
      <object_component id="oc-1f5">
         <name>.debug_pubnames</name>
         <load_address>0x1f6</load_address>
         <run_address>0x1f6</run_address>
         <size>0x27</size>
         <input_file_ref idref="fl-37"/>
      </object_component>
      <object_component id="oc-176">
         <name>.debug_pubnames</name>
         <load_address>0x21d</load_address>
         <run_address>0x21d</run_address>
         <size>0x21</size>
         <input_file_ref idref="fl-3d"/>
      </object_component>
      <object_component id="oc-1c9">
         <name>.debug_pubnames</name>
         <load_address>0x23e</load_address>
         <run_address>0x23e</run_address>
         <size>0x1e</size>
         <input_file_ref idref="fl-3e"/>
      </object_component>
      <object_component id="oc-1cd">
         <name>.debug_pubnames</name>
         <load_address>0x25c</load_address>
         <run_address>0x25c</run_address>
         <size>0x29</size>
         <input_file_ref idref="fl-40"/>
      </object_component>
      <object_component id="oc-14b">
         <name>.debug_pubtypes</name>
         <load_address>0x0</load_address>
         <run_address>0x0</run_address>
         <size>0xed</size>
         <input_file_ref idref="fl-2"/>
      </object_component>
      <object_component id="oc-146">
         <name>.debug_pubtypes</name>
         <load_address>0xed</load_address>
         <run_address>0xed</run_address>
         <size>0x5d</size>
         <input_file_ref idref="fl-20"/>
      </object_component>
      <object_component id="oc-1a8">
         <name>.debug_pubtypes</name>
         <load_address>0x14a</load_address>
         <run_address>0x14a</run_address>
         <size>0x42</size>
         <input_file_ref idref="fl-20"/>
      </object_component>
      <object_component id="oc-157">
         <name>.debug_pubtypes</name>
         <load_address>0x18c</load_address>
         <run_address>0x18c</run_address>
         <size>0x48</size>
         <input_file_ref idref="fl-21"/>
      </object_component>
      <object_component id="oc-1b5">
         <name>.debug_pubtypes</name>
         <load_address>0x1d4</load_address>
         <run_address>0x1d4</run_address>
         <size>0x1d</size>
         <input_file_ref idref="fl-21"/>
      </object_component>
      <object_component id="oc-1b0">
         <name>.debug_pubtypes</name>
         <load_address>0x1f1</load_address>
         <run_address>0x1f1</run_address>
         <size>0x1d</size>
         <input_file_ref idref="fl-22"/>
      </object_component>
      <object_component id="oc-1fc">
         <name>.debug_pubtypes</name>
         <load_address>0x20e</load_address>
         <run_address>0x20e</run_address>
         <size>0x32</size>
         <input_file_ref idref="fl-3d"/>
      </object_component>
      <object_component id="oc-201">
         <name>.debug_pubtypes</name>
         <load_address>0x240</load_address>
         <run_address>0x240</run_address>
         <size>0x50</size>
         <input_file_ref idref="fl-3d"/>
      </object_component>
      <object_component id="oc-226">
         <name>.debug_pubtypes</name>
         <load_address>0x290</load_address>
         <run_address>0x290</run_address>
         <size>0x23</size>
         <input_file_ref idref="fl-3e"/>
      </object_component>
   </object_component_list>
   <logical_group_list>
      <logical_group id="lg-2" display="no" color="cyan">
         <name>.bss</name>
         <run_address>0x0</run_address>
         <size>0x0</size>
         <contents>
         </contents>
      </logical_group>
      <logical_group id="lg-3" display="no" color="cyan">
         <name>.data</name>
         <run_address>0x200</run_address>
         <size>0xd</size>
         <contents>
            <object_component_ref idref="oc-1bc"/>
         </contents>
      </logical_group>
      <logical_group id="lg-4" display="no" color="cyan">
         <name>.TI.noinit</name>
         <run_address>0x0</run_address>
         <size>0x0</size>
         <contents>
         </contents>
      </logical_group>
      <logical_group id="lg-5" display="no" color="cyan">
         <name>.sysmem</name>
         <run_address>0x0</run_address>
         <size>0x0</size>
         <contents>
         </contents>
      </logical_group>
      <logical_group id="lg-6" display="no" color="cyan">
         <name>.stack</name>
         <run_address>0x9b0</run_address>
         <size>0x50</size>
         <contents>
            <object_component_ref idref="oc-131"/>
            <object_component_ref idref="oc-266"/>
         </contents>
      </logical_group>
      <logical_group id="lg-7" display="no" color="cyan">
         <name>.text</name>
         <load_address>0x8000</load_address>
         <run_address>0x8000</run_address>
         <size>0x2f6</size>
         <contents>
            <object_component_ref idref="oc-30"/>
            <object_component_ref idref="oc-174"/>
            <object_component_ref idref="oc-16e"/>
            <object_component_ref idref="oc-1c4"/>
            <object_component_ref idref="oc-13a"/>
            <object_component_ref idref="oc-18e"/>
            <object_component_ref idref="oc-135"/>
            <object_component_ref idref="oc-161"/>
            <object_component_ref idref="oc-66"/>
            <object_component_ref idref="oc-1f1"/>
            <object_component_ref idref="oc-36"/>
            <object_component_ref idref="oc-14f"/>
            <object_component_ref idref="oc-13f"/>
            <object_component_ref idref="oc-15c"/>
            <object_component_ref idref="oc-196"/>
            <object_component_ref idref="oc-1ca"/>
         </contents>
      </logical_group>
      <logical_group id="lg-8" display="no" color="cyan">
         <name>.cinit</name>
         <load_address>0x82f6</load_address>
         <run_address>0x82f6</run_address>
         <size>0x1a</size>
         <contents>
            <object_component_ref idref="oc-265"/>
            <object_component_ref idref="oc-263"/>
            <object_component_ref idref="oc-264"/>
         </contents>
      </logical_group>
      <logical_group id="lg-9" display="no" color="cyan">
         <name>.const</name>
         <run_address>0x0</run_address>
         <size>0x0</size>
         <contents>
         </contents>
      </logical_group>
      <logical_group id="lg-a" display="no" color="cyan">
         <name>.jtagsignature</name>
         <run_address>0x0</run_address>
         <size>0x0</size>
         <contents>
         </contents>
      </logical_group>
      <logical_group id="lg-b" display="no" color="cyan">
         <name>.cio</name>
         <run_address>0x0</run_address>
         <size>0x0</size>
         <contents>
         </contents>
      </logical_group>
      <logical_group id="lg-c" display="no" color="cyan">
         <name>.pinit</name>
         <run_address>0x0</run_address>
         <size>0x0</size>
         <contents>
         </contents>
      </logical_group>
      <logical_group id="lg-d" display="no" color="cyan">
         <name>.binit</name>
         <load_address>0x8000</load_address>
         <run_address>0x8000</run_address>
         <size>0x0</size>
         <contents>
            <object_component_ref idref="oc-230"/>
         </contents>
      </logical_group>
      <logical_group id="lg-e" display="no" color="cyan">
         <name>.init_array</name>
         <run_address>0x0</run_address>
         <size>0x0</size>
         <contents>
         </contents>
      </logical_group>
      <logical_group id="lg-f" display="no" color="cyan">
         <name>.mspabi.exidx</name>
         <run_address>0x0</run_address>
         <size>0x0</size>
         <contents>
         </contents>
      </logical_group>
      <logical_group id="lg-10" display="no" color="cyan">
         <name>.mspabi.extab</name>
         <run_address>0x0</run_address>
         <size>0x0</size>
         <contents>
         </contents>
      </logical_group>
      <logical_group id="lg-11" display="no" color="cyan">
         <name>.TI.ramfunc</name>
         <run_address>0x0</run_address>
         <size>0x0</size>
         <contents>
         </contents>
      </logical_group>
      <logical_group id="lg-12" display="no" color="cyan">
         <name>.infoA</name>
         <run_address>0x0</run_address>
         <size>0x0</size>
         <contents>
         </contents>
      </logical_group>
      <logical_group id="lg-13" display="no" color="cyan">
         <name>.int00</name>
         <run_address>0x0</run_address>
         <size>0x0</size>
         <contents>
         </contents>
      </logical_group>
      <logical_group id="lg-14" display="no" color="cyan">
         <name>PORT2</name>
         <load_address>0xffe2</load_address>
         <run_address>0xffe2</run_address>
         <size>0x2</size>
         <contents>
            <object_component_ref idref="oc-3c"/>
         </contents>
      </logical_group>
      <logical_group id="lg-16" display="no" color="cyan">
         <name>.int02</name>
         <run_address>0x0</run_address>
         <size>0x0</size>
         <contents>
         </contents>
      </logical_group>
      <logical_group id="lg-17" display="no" color="cyan">
         <name>.int03</name>
         <run_address>0x0</run_address>
         <size>0x0</size>
         <contents>
         </contents>
      </logical_group>
      <logical_group id="lg-18" display="no" color="cyan">
         <name>PORT1</name>
         <load_address>0xffe8</load_address>
         <run_address>0xffe8</run_address>
         <size>0x2</size>
         <contents>
            <object_component_ref idref="oc-3d"/>
         </contents>
      </logical_group>
      <logical_group id="lg-1a" display="no" color="cyan">
         <name>TIMER0_A1</name>
         <load_address>0xffea</load_address>
         <run_address>0xffea</run_address>
         <size>0x2</size>
         <contents>
            <object_component_ref idref="oc-3e"/>
         </contents>
      </logical_group>
      <logical_group id="lg-1c" display="no" color="cyan">
         <name>TIMER0_A0</name>
         <load_address>0xffec</load_address>
         <run_address>0xffec</run_address>
         <size>0x2</size>
         <contents>
            <object_component_ref idref="oc-3f"/>
         </contents>
      </logical_group>
      <logical_group id="lg-1e" display="no" color="cyan">
         <name>SD24</name>
         <load_address>0xffee</load_address>
         <run_address>0xffee</run_address>
         <size>0x2</size>
         <contents>
            <object_component_ref idref="oc-40"/>
         </contents>
      </logical_group>
      <logical_group id="lg-20" display="no" color="cyan">
         <name>USCI_B0</name>
         <load_address>0xfff0</load_address>
         <run_address>0xfff0</run_address>
         <size>0x2</size>
         <contents>
            <object_component_ref idref="oc-41"/>
         </contents>
      </logical_group>
      <logical_group id="lg-22" display="no" color="cyan">
         <name>USCI_A0</name>
         <load_address>0xfff2</load_address>
         <run_address>0xfff2</run_address>
         <size>0x2</size>
         <contents>
            <object_component_ref idref="oc-42"/>
         </contents>
      </logical_group>
      <logical_group id="lg-24" display="no" color="cyan">
         <name>WDT</name>
         <load_address>0xfff4</load_address>
         <run_address>0xfff4</run_address>
         <size>0x2</size>
         <contents>
            <object_component_ref idref="oc-43"/>
         </contents>
      </logical_group>
      <logical_group id="lg-26" display="no" color="cyan">
         <name>VMON</name>
         <load_address>0xfff6</load_address>
         <run_address>0xfff6</run_address>
         <size>0x2</size>
         <contents>
            <object_component_ref idref="oc-44"/>
         </contents>
      </logical_group>
      <logical_group id="lg-28" display="no" color="cyan">
         <name>TIMER1_A1</name>
         <load_address>0xfff8</load_address>
         <run_address>0xfff8</run_address>
         <size>0x2</size>
         <contents>
            <object_component_ref idref="oc-45"/>
         </contents>
      </logical_group>
      <logical_group id="lg-2a" display="no" color="cyan">
         <name>TIMER1_A0</name>
         <load_address>0xfffa</load_address>
         <run_address>0xfffa</run_address>
         <size>0x2</size>
         <contents>
            <object_component_ref idref="oc-46"/>
         </contents>
      </logical_group>
      <logical_group id="lg-2c" display="no" color="cyan">
         <name>NMI</name>
         <load_address>0xfffc</load_address>
         <run_address>0xfffc</run_address>
         <size>0x2</size>
         <contents>
            <object_component_ref idref="oc-47"/>
         </contents>
      </logical_group>
      <logical_group id="lg-2e" display="no" color="cyan">
         <name>.reset</name>
         <load_address>0xfffe</load_address>
         <run_address>0xfffe</run_address>
         <size>0x2</size>
         <contents>
            <object_component_ref idref="oc-134"/>
         </contents>
      </logical_group>
      <logical_group id="lg-22f" display="no" color="cyan">
         <name>.TI.persistent</name>
         <run_address>0x0</run_address>
         <size>0x0</size>
         <contents>
         </contents>
      </logical_group>
      <logical_group id="lg-253" display="never" color="cyan">
         <name>.debug_info</name>
         <load_address>0x0</load_address>
         <run_address>0x0</run_address>
         <size>0x2cff</size>
         <contents>
            <object_component_ref idref="oc-1c3"/>
            <object_component_ref idref="oc-16f"/>
            <object_component_ref idref="oc-14a"/>
            <object_component_ref idref="oc-1ee"/>
            <object_component_ref idref="oc-1bd"/>
            <object_component_ref idref="oc-192"/>
            <object_component_ref idref="oc-165"/>
            <object_component_ref idref="oc-132"/>
            <object_component_ref idref="oc-69"/>
            <object_component_ref idref="oc-1ac"/>
            <object_component_ref idref="oc-32"/>
            <object_component_ref idref="oc-145"/>
            <object_component_ref idref="oc-1a7"/>
            <object_component_ref idref="oc-15b"/>
            <object_component_ref idref="oc-38"/>
            <object_component_ref idref="oc-156"/>
            <object_component_ref idref="oc-1b4"/>
            <object_component_ref idref="oc-1af"/>
            <object_component_ref idref="oc-140"/>
            <object_component_ref idref="oc-19a"/>
            <object_component_ref idref="oc-15d"/>
            <object_component_ref idref="oc-136"/>
            <object_component_ref idref="oc-13b"/>
            <object_component_ref idref="oc-1ae"/>
            <object_component_ref idref="oc-153"/>
            <object_component_ref idref="oc-1f4"/>
            <object_component_ref idref="oc-1d1"/>
            <object_component_ref idref="oc-175"/>
            <object_component_ref idref="oc-1fb"/>
            <object_component_ref idref="oc-200"/>
            <object_component_ref idref="oc-1f7"/>
            <object_component_ref idref="oc-1c8"/>
            <object_component_ref idref="oc-225"/>
            <object_component_ref idref="oc-1cc"/>
            <object_component_ref idref="oc-267"/>
         </contents>
      </logical_group>
      <logical_group id="lg-255" display="never" color="cyan">
         <name>.debug_line</name>
         <load_address>0x0</load_address>
         <run_address>0x0</run_address>
         <size>0xc0d</size>
         <contents>
            <object_component_ref idref="oc-1f0"/>
            <object_component_ref idref="oc-172"/>
            <object_component_ref idref="oc-14d"/>
            <object_component_ref idref="oc-221"/>
            <object_component_ref idref="oc-1ed"/>
            <object_component_ref idref="oc-190"/>
            <object_component_ref idref="oc-164"/>
            <object_component_ref idref="oc-1a3"/>
            <object_component_ref idref="oc-67"/>
            <object_component_ref idref="oc-1e9"/>
            <object_component_ref idref="oc-35"/>
            <object_component_ref idref="oc-148"/>
            <object_component_ref idref="oc-1aa"/>
            <object_component_ref idref="oc-1ba"/>
            <object_component_ref idref="oc-3b"/>
            <object_component_ref idref="oc-159"/>
            <object_component_ref idref="oc-1b7"/>
            <object_component_ref idref="oc-1b2"/>
            <object_component_ref idref="oc-143"/>
            <object_component_ref idref="oc-197"/>
            <object_component_ref idref="oc-160"/>
            <object_component_ref idref="oc-139"/>
            <object_component_ref idref="oc-13e"/>
            <object_component_ref idref="oc-1eb"/>
            <object_component_ref idref="oc-151"/>
            <object_component_ref idref="oc-1f3"/>
            <object_component_ref idref="oc-1fa"/>
            <object_component_ref idref="oc-178"/>
            <object_component_ref idref="oc-1fe"/>
            <object_component_ref idref="oc-203"/>
            <object_component_ref idref="oc-224"/>
            <object_component_ref idref="oc-1c7"/>
            <object_component_ref idref="oc-228"/>
            <object_component_ref idref="oc-1cb"/>
         </contents>
      </logical_group>
      <logical_group id="lg-257" display="never" color="cyan">
         <name>.debug_frame</name>
         <load_address>0x0</load_address>
         <run_address>0x0</run_address>
         <size>0x2a1</size>
         <contents>
            <object_component_ref idref="oc-173"/>
            <object_component_ref idref="oc-18f"/>
            <object_component_ref idref="oc-163"/>
            <object_component_ref idref="oc-68"/>
            <object_component_ref idref="oc-31"/>
            <object_component_ref idref="oc-3a"/>
            <object_component_ref idref="oc-198"/>
            <object_component_ref idref="oc-152"/>
            <object_component_ref idref="oc-179"/>
            <object_component_ref idref="oc-1c6"/>
            <object_component_ref idref="oc-1cf"/>
         </contents>
      </logical_group>
      <logical_group id="lg-259" display="never" color="cyan">
         <name>.debug_abbrev</name>
         <load_address>0x0</load_address>
         <run_address>0x0</run_address>
         <size>0xa86</size>
         <contents>
            <object_component_ref idref="oc-1ef"/>
            <object_component_ref idref="oc-1c2"/>
            <object_component_ref idref="oc-14c"/>
            <object_component_ref idref="oc-220"/>
            <object_component_ref idref="oc-1ec"/>
            <object_component_ref idref="oc-1e6"/>
            <object_component_ref idref="oc-1bf"/>
            <object_component_ref idref="oc-1a2"/>
            <object_component_ref idref="oc-19c"/>
            <object_component_ref idref="oc-1e8"/>
            <object_component_ref idref="oc-144"/>
            <object_component_ref idref="oc-147"/>
            <object_component_ref idref="oc-1a9"/>
            <object_component_ref idref="oc-1b9"/>
            <object_component_ref idref="oc-155"/>
            <object_component_ref idref="oc-158"/>
            <object_component_ref idref="oc-1b6"/>
            <object_component_ref idref="oc-1b1"/>
            <object_component_ref idref="oc-1a6"/>
            <object_component_ref idref="oc-1e7"/>
            <object_component_ref idref="oc-1bb"/>
            <object_component_ref idref="oc-1a4"/>
            <object_component_ref idref="oc-1a5"/>
            <object_component_ref idref="oc-1ea"/>
            <object_component_ref idref="oc-1ad"/>
            <object_component_ref idref="oc-222"/>
            <object_component_ref idref="oc-1f9"/>
            <object_component_ref idref="oc-1d0"/>
            <object_component_ref idref="oc-1fd"/>
            <object_component_ref idref="oc-202"/>
            <object_component_ref idref="oc-223"/>
            <object_component_ref idref="oc-1f6"/>
            <object_component_ref idref="oc-227"/>
            <object_component_ref idref="oc-1f8"/>
            <object_component_ref idref="oc-268"/>
         </contents>
      </logical_group>
      <logical_group id="lg-25b" display="never" color="cyan">
         <name>.debug_str</name>
         <load_address>0x0</load_address>
         <run_address>0x0</run_address>
         <size>0x9e8</size>
         <contents>
            <object_component_ref idref="oc-14e"/>
            <object_component_ref idref="oc-149"/>
            <object_component_ref idref="oc-1ab"/>
            <object_component_ref idref="oc-15a"/>
            <object_component_ref idref="oc-1b8"/>
            <object_component_ref idref="oc-1b3"/>
            <object_component_ref idref="oc-1ff"/>
            <object_component_ref idref="oc-204"/>
            <object_component_ref idref="oc-229"/>
         </contents>
      </logical_group>
      <logical_group id="lg-25d" display="never" color="cyan">
         <name>.debug_aranges</name>
         <load_address>0x0</load_address>
         <run_address>0x0</run_address>
         <size>0x200</size>
         <contents>
            <object_component_ref idref="oc-170"/>
            <object_component_ref idref="oc-191"/>
            <object_component_ref idref="oc-162"/>
            <object_component_ref idref="oc-6a"/>
            <object_component_ref idref="oc-34"/>
            <object_component_ref idref="oc-37"/>
            <object_component_ref idref="oc-141"/>
            <object_component_ref idref="oc-199"/>
            <object_component_ref idref="oc-15e"/>
            <object_component_ref idref="oc-137"/>
            <object_component_ref idref="oc-13d"/>
            <object_component_ref idref="oc-150"/>
            <object_component_ref idref="oc-1f2"/>
            <object_component_ref idref="oc-177"/>
            <object_component_ref idref="oc-1c5"/>
            <object_component_ref idref="oc-1ce"/>
         </contents>
      </logical_group>
      <logical_group id="lg-25f" display="never" color="cyan">
         <name>.debug_pubnames</name>
         <load_address>0x0</load_address>
         <run_address>0x0</run_address>
         <size>0x285</size>
         <contents>
            <object_component_ref idref="oc-171"/>
            <object_component_ref idref="oc-1be"/>
            <object_component_ref idref="oc-193"/>
            <object_component_ref idref="oc-166"/>
            <object_component_ref idref="oc-133"/>
            <object_component_ref idref="oc-6b"/>
            <object_component_ref idref="oc-33"/>
            <object_component_ref idref="oc-39"/>
            <object_component_ref idref="oc-142"/>
            <object_component_ref idref="oc-19b"/>
            <object_component_ref idref="oc-15f"/>
            <object_component_ref idref="oc-138"/>
            <object_component_ref idref="oc-13c"/>
            <object_component_ref idref="oc-154"/>
            <object_component_ref idref="oc-1f5"/>
            <object_component_ref idref="oc-176"/>
            <object_component_ref idref="oc-1c9"/>
            <object_component_ref idref="oc-1cd"/>
         </contents>
      </logical_group>
      <logical_group id="lg-261" display="never" color="cyan">
         <name>.debug_pubtypes</name>
[...]
         <name>UCA0BRW_H</name>
         <value>0x147</value>
      </symbol>
      <symbol id="sm-61">
         <name>UCA0MCTLW</name>
         <value>0x148</value>
      </symbol>
      <symbol id="sm-62">
         <name>UCA0MCTLW_L</name>
         <value>0x148</value>
      </symbol>
      <symbol id="sm-63">
         <name>UCA0MCTLW_H</name>
         <value>0x149</value>
      </symbol>
      <symbol id="sm-64">
         <name>UCA0STATW</name>
         <value>0x14a</value>
      </symbol>
      <symbol id="sm-65">
         <name>UCA0RXBUF</name>
         <value>0x14c</value>
      </symbol>
      <symbol id="sm-66">
         <name>UCA0RXBUF_L</name>
         <value>0x14c</value>
      </symbol>
      <symbol id="sm-67">
         <name>UCA0RXBUF_H</name>
         <value>0x14d</value>
      </symbol>
      <symbol id="sm-68">
         <name>UCA0TXBUF</name>
         <value>0x14e</value>
      </symbol>
      <symbol id="sm-69">
         <name>UCA0TXBUF_L</name>
         <value>0x14e</value>
      </symbol>
      <symbol id="sm-6a">
         <name>UCA0TXBUF_H</name>
         <value>0x14f</value>
      </symbol>
      <symbol id="sm-6b">
         <name>UCA0ABCTL</name>
         <value>0x150</value>
      </symbol>
      <symbol id="sm-6c">
         <name>UCA0IRCTL</name>
         <value>0x152</value>
      </symbol>
      <symbol id="sm-6d">
         <name>UCA0IRCTL_L</name>
         <value>0x152</value>
      </symbol>
      <symbol id="sm-6e">
         <name>UCA0IRCTL_H</name>
         <value>0x153</value>
      </symbol>
      <symbol id="sm-6f">
         <name>UCA0IE</name>
         <value>0x15a</value>
      </symbol>
      <symbol id="sm-70">
         <name>UCA0IE_L</name>
         <value>0x15a</value>
      </symbol>
      <symbol id="sm-71">
         <name>UCA0IE_H</name>
         <value>0x15b</value>
      </symbol>
      <symbol id="sm-72">
         <name>UCA0IFG</name>
         <value>0x15c</value>
      </symbol>
      <symbol id="sm-73">
         <name>UCA0IFG_L</name>
         <value>0x15c</value>
      </symbol>
      <symbol id="sm-74">
         <name>UCA0IFG_H</name>
         <value>0x15d</value>
      </symbol>
      <symbol id="sm-75">
         <name>UCA0IV</name>
         <value>0x15e</value>
      </symbol>
      <symbol id="sm-76">
         <name>UCB0CTLW0</name>
         <value>0x1c0</value>
      </symbol>
      <symbol id="sm-77">
         <name>UCB0CTLW0_L</name>
         <value>0x1c0</value>
      </symbol>
      <symbol id="sm-78">
         <name>UCB0CTLW0_H</name>
         <value>0x1c1</value>
      </symbol>
      <symbol id="sm-79">
         <name>UCB0CTLW1</name>
         <value>0x1c2</value>
      </symbol>
      <symbol id="sm-7a">
         <name>UCB0CTLW1_L</name>
         <value>0x1c2</value>
      </symbol>
      <symbol id="sm-7b">
         <name>UCB0CTLW1_H</name>
         <value>0x1c3</value>
      </symbol>
      <symbol id="sm-7c">
         <name>UCB0BRW</name>
         <value>0x1c6</value>
      </symbol>
      <symbol id="sm-7d">
         <name>UCB0BRW_L</name>
         <value>0x1c6</value>
      </symbol>
      <symbol id="sm-7e">
         <name>UCB0BRW_H</name>
         <value>0x1c7</value>
      </symbol>
      <symbol id="sm-7f">
         <name>UCB0STATW</name>
         <value>0x1c8</value>
      </symbol>
      <symbol id="sm-80">
         <name>UCB0STATW_L</name>
         <value>0x1c8</value>
      </symbol>
      <symbol id="sm-81">
         <name>UCB0STATW_H</name>
         <value>0x1c9</value>
      </symbol>
      <symbol id="sm-82">
         <name>UCB0TBCNT</name>
         <value>0x1ca</value>
      </symbol>
      <symbol id="sm-83">
         <name>UCB0TBCNT_L</name>
         <value>0x1ca</value>
      </symbol>
      <symbol id="sm-84">
         <name>UCB0TBCNT_H</name>
         <value>0x1cb</value>
      </symbol>
      <symbol id="sm-85">
         <name>UCB0RXBUF</name>
         <value>0x1cc</value>
      </symbol>
      <symbol id="sm-86">
         <name>UCB0RXBUF_L</name>
         <value>0x1cc</value>
      </symbol>
      <symbol id="sm-87">
         <name>UCB0RXBUF_H</name>
         <value>0x1cd</value>
      </symbol>
      <symbol id="sm-88">
         <name>UCB0TXBUF</name>
         <value>0x1ce</value>
      </symbol>
      <symbol id="sm-89">
         <name>UCB0TXBUF_L</name>
         <value>0x1ce</value>
      </symbol>
      <symbol id="sm-8a">
         <name>UCB0TXBUF_H</name>
         <value>0x1cf</value>
      </symbol>
      <symbol id="sm-8b">
         <name>UCB0I2COA0</name>
         <value>0x1d4</value>
      </symbol>
      <symbol id="sm-8c">
         <name>UCB0I2COA0_L</name>
         <value>0x1d4</value>
      </symbol>
      <symbol id="sm-8d">
         <name>UCB0I2COA0_H</name>
         <value>0x1d5</value>
      </symbol>
      <symbol id="sm-8e">
         <name>UCB0I2COA1</name>
         <value>0x1d6</value>
      </symbol>
      <symbol id="sm-8f">
         <name>UCB0I2COA1_L</name>
         <value>0x1d6</value>
      </symbol>
      <symbol id="sm-90">
         <name>UCB0I2COA1_H</name>
         <value>0x1d7</value>
      </symbol>
      <symbol id="sm-91">
         <name>UCB0I2COA2</name>
         <value>0x1d8</value>
      </symbol>
      <symbol id="sm-92">
         <name>UCB0I2COA2_L</name>
         <value>0x1d8</value>
      </symbol>
      <symbol id="sm-93">
         <name>UCB0I2COA2_H</name>
         <value>0x1d9</value>
      </symbol>
      <symbol id="sm-94">
         <name>UCB0I2COA3</name>
         <value>0x1da</value>
      </symbol>
      <symbol id="sm-95">
         <name>UCB0I2COA3_L</name>
         <value>0x1da</value>
      </symbol>
      <symbol id="sm-96">
         <name>UCB0I2COA3_H</name>
         <value>0x1db</value>
      </symbol>
      <symbol id="sm-97">
         <name>UCB0ADDRX</name>
         <value>0x1dc</value>
      </symbol>
      <symbol id="sm-98">
         <name>UCB0ADDRX_L</name>
         <value>0x1dc</value>
      </symbol>
      <symbol id="sm-99">
         <name>UCB0ADDRX_H</name>
         <value>0x1dd</value>
      </symbol>
      <symbol id="sm-9a">
         <name>UCB0ADDMASK</name>
         <value>0x1de</value>
      </symbol>
      <symbol id="sm-9b">
         <name>UCB0ADDMASK_L</name>
         <value>0x1de</value>
      </symbol>
      <symbol id="sm-9c">
         <name>UCB0ADDMASK_H</name>
         <value>0x1df</value>
      </symbol>
      <symbol id="sm-9d">
         <name>UCB0I2CSA</name>
         <value>0x1e0</value>
      </symbol>
      <symbol id="sm-9e">
         <name>UCB0I2CSA_L</name>
         <value>0x1e0</value>
      </symbol>
      <symbol id="sm-9f">
         <name>UCB0I2CSA_H</name>
         <value>0x1e1</value>
      </symbol>
      <symbol id="sm-a0">
         <name>UCB0IE</name>
         <value>0x1ea</value>
      </symbol>
      <symbol id="sm-a1">
         <name>UCB0IE_L</name>
         <value>0x1ea</value>
      </symbol>
      <symbol id="sm-a2">
         <name>UCB0IE_H</name>
         <value>0x1eb</value>
      </symbol>
      <symbol id="sm-a3">
         <name>UCB0IFG</name>
         <value>0x1ec</value>
      </symbol>
      <symbol id="sm-a4">
         <name>UCB0IFG_L</name>
         <value>0x1ec</value>
      </symbol>
      <symbol id="sm-a5">
         <name>UCB0IFG_H</name>
         <value>0x1ed</value>
      </symbol>
      <symbol id="sm-a6">
         <name>UCB0IV</name>
         <value>0x1ee</value>
      </symbol>
      <symbol id="sm-a7">
         <name>WDTCTL</name>
         <value>0x120</value>
      </symbol>
      <symbol id="sm-a8">
         <name>__TI_CINIT_Base</name>
         <value>0x830c</value>
      </symbol>
      <symbol id="sm-a9">
         <name>__TI_CINIT_Limit</name>
         <value>0x8310</value>
      </symbol>
      <symbol id="sm-aa">
         <name>__TI_Handler_Table_Base</name>
         <value>0x8308</value>
      </symbol>
      <symbol id="sm-ab">
         <name>__TI_Handler_Table_Limit</name>
         <value>0x830c</value>
      </symbol>
      <symbol id="sm-ac">
         <name>__STACK_SIZE</name>
         <value>0x50</value>
      </symbol>
      <symbol id="sm-ad">
         <name>__STACK_END</name>
         <value>0xa00</value>
      </symbol>
      <symbol id="sm-ae">
         <name>__c_args__</name>
         <value>0xffffffff</value>
      </symbol>
      <symbol id="sm-af">
         <name>__TI_pprof_out_hndl</name>
         <value>0xffffffff</value>
      </symbol>
      <symbol id="sm-b0">
         <name>__TI_prof_data_start</name>
         <value>0xffffffff</value>
      </symbol>
      <symbol id="sm-b1">
         <name>__TI_prof_data_size</name>
         <value>0xffffffff</value>
      </symbol>
      <symbol id="sm-ef">
         <name>_system_pre_init</name>
         <value>0x80ea</value>
         <object_component_ref idref="oc-16e"/>
      </symbol>
      <symbol id="sm-10b">
         <name>__TI_int09</name>
         <value>0xfff2</value>
         <object_component_ref idref="oc-42"/>
      </symbol>
      <symbol id="sm-10c">
         <name>USCI_A0_ISR</name>
         <value>0x825a</value>
         <object_component_ref idref="oc-161"/>
      </symbol>
      <symbol id="sm-10d">
         <name>main</name>
         <value>0x81f4</value>
         <object_component_ref idref="oc-18e"/>
      </symbol>
      <symbol id="sm-10e">
         <name>text</name>
         <value>0x200</value>
         <object_component_ref idref="oc-1bc"/>
      </symbol>
      <symbol id="sm-116">
         <name>_stack</name>
         <value>0x9b0</value>
         <object_component_ref idref="oc-131"/>
      </symbol>
      <symbol id="sm-117">
         <name>_reset_vector</name>
         <value>0xfffe</value>
         <object_component_ref idref="oc-134"/>
      </symbol>
      <symbol id="sm-121">
         <name>_c_int00_noargs_noexit</name>
         <value>0x8284</value>
         <object_component_ref idref="oc-66"/>
      </symbol>
      <symbol id="sm-13f">
         <name>__TI_decompress_lzss</name>
         <value>0x8000</value>
         <object_component_ref idref="oc-30"/>
      </symbol>
      <symbol id="sm-155">
         <name>__TI_decompress_none</name>
         <value>0x82b2</value>
         <object_component_ref idref="oc-36"/>
      </symbol>
      <symbol id="sm-164">
         <name>__mspabi_func_epilog_2</name>
         <value>0x82e0</value>
         <object_component_ref idref="oc-13f"/>
      </symbol>
      <symbol id="sm-165">
         <name>__mspabi_func_epilog_3</name>
         <value>0x82de</value>
         <object_component_ref idref="oc-13f"/>
      </symbol>
      <symbol id="sm-166">
         <name>__mspabi_func_epilog_1</name>
         <value>0x82e2</value>
         <object_component_ref idref="oc-13f"/>
      </symbol>
      <symbol id="sm-167">
         <name>__mspabi_func_epilog_6</name>
         <value>0x82d8</value>
         <object_component_ref idref="oc-13f"/>
      </symbol>
      <symbol id="sm-168">
         <name>__mspabi_func_epilog_7</name>
         <value>0x82d6</value>
         <object_component_ref idref="oc-13f"/>
      </symbol>
      <symbol id="sm-169">
         <name>__mspabi_func_epilog_4</name>
         <value>0x82dc</value>
         <object_component_ref idref="oc-13f"/>
      </symbol>
      <symbol id="sm-16a">
         <name>__mspabi_func_epilog_5</name>
         <value>0x82da</value>
         <object_component_ref idref="oc-13f"/>
      </symbol>
      <symbol id="sm-174">
         <name>C$$EXIT</name>
         <value>0x82ee</value>
         <object_component_ref idref="oc-196"/>
      </symbol>
      <symbol id="sm-175">
         <name>abort</name>
         <value>0x82ee</value>
         <object_component_ref idref="oc-196"/>
      </symbol>
      <symbol id="sm-179">
         <name>__TI_int01</name>
         <value>0xffe2</value>
         <object_component_ref idref="oc-3c"/>
      </symbol>
      <symbol id="sm-17c">
         <name>__TI_int04</name>
         <value>0xffe8</value>
         <object_component_ref idref="oc-3d"/>
      </symbol>
      <symbol id="sm-17f">
         <name>__TI_int05</name>
         <value>0xffea</value>
         <object_component_ref idref="oc-3e"/>
      </symbol>
      <symbol id="sm-182">
         <name>__TI_int06</name>
         <value>0xffec</value>
         <object_component_ref idref="oc-3f"/>
      </symbol>
      <symbol id="sm-185">
         <name>__TI_int07</name>
         <value>0xffee</value>
         <object_component_ref idref="oc-40"/>
      </symbol>
      <symbol id="sm-188">
         <name>__TI_int08</name>
         <value>0xfff0</value>
         <object_component_ref idref="oc-41"/>
      </symbol>
      <symbol id="sm-18b">
         <name>__TI_int10</name>
         <value>0xfff4</value>
         <object_component_ref idref="oc-43"/>
      </symbol>
      <symbol id="sm-18e">
         <name>__TI_int11</name>
         <value>0xfff6</value>
         <object_component_ref idref="oc-44"/>
      </symbol>
      <symbol id="sm-191">
         <name>__TI_int12</name>
         <value>0xfff8</value>
         <object_component_ref idref="oc-45"/>
      </symbol>
      <symbol id="sm-194">
         <name>__TI_int13</name>
         <value>0xfffa</value>
         <object_component_ref idref="oc-46"/>
      </symbol>
      <symbol id="sm-197">
         <name>__TI_int14</name>
         <value>0xfffc</value>
         <object_component_ref idref="oc-47"/>
      </symbol>
      <symbol id="sm-19f">
         <name>__TI_ISR_TRAP</name>
         <value>0x82e6</value>
         <object_component_ref idref="oc-15c"/>
      </symbol>
      <symbol id="sm-1a7">
         <name>__mspabi_slli</name>
         <value>0x822e</value>
         <object_component_ref idref="oc-135"/>
      </symbol>
      <symbol id="sm-1a8">
         <name>__mspabi_slli_9</name>
         <value>0x8246</value>
         <object_component_ref idref="oc-135"/>
      </symbol>
      <symbol id="sm-1a9">
         <name>__mspabi_slli_8</name>
         <value>0x8248</value>
         <object_component_ref idref="oc-135"/>
      </symbol>
      <symbol id="sm-1aa">
         <name>__mspabi_slli_7</name>
         <value>0x824a</value>
         <object_component_ref idref="oc-135"/>
      </symbol>
      <symbol id="sm-1ab">
         <name>__mspabi_slli_6</name>
         <value>0x824c</value>
         <object_component_ref idref="oc-135"/>
      </symbol>
      <symbol id="sm-1ac">
         <name>__mspabi_slli_5</name>
         <value>0x824e</value>
         <object_component_ref idref="oc-135"/>
      </symbol>
      <symbol id="sm-1ad">
         <name>__mspabi_slli_4</name>
         <value>0x8250</value>
         <object_component_ref idref="oc-135"/>
      </symbol>
      <symbol id="sm-1ae">
         <name>__mspabi_slli_3</name>
         <value>0x8252</value>
         <object_component_ref idref="oc-135"/>
      </symbol>
      <symbol id="sm-1af">
         <name>__mspabi_slli_2</name>
         <value>0x8254</value>
         <object_component_ref idref="oc-135"/>
      </symbol>
      <symbol id="sm-1b0">
         <name>__mspabi_slli_1</name>
         <value>0x8256</value>
         <object_component_ref idref="oc-135"/>
      </symbol>
      <symbol id="sm-1b1">
         <name>__mspabi_slli_15</name>
         <value>0x823a</value>
         <object_component_ref idref="oc-135"/>
      </symbol>
      <symbol id="sm-1b2">
         <name>__mspabi_slli_14</name>
         <value>0x823c</value>
         <object_component_ref idref="oc-135"/>
      </symbol>
      <symbol id="sm-1b3">
         <name>__mspabi_slli_13</name>
         <value>0x823e</value>
         <object_component_ref idref="oc-135"/>
      </symbol>
      <symbol id="sm-1b4">
         <name>__mspabi_slli_12</name>
         <value>0x8240</value>
         <object_component_ref idref="oc-135"/>
      </symbol>
      <symbol id="sm-1b5">
         <name>__mspabi_slli_11</name>
         <value>0x8242</value>
         <object_component_ref idref="oc-135"/>
      </symbol>
      <symbol id="sm-1b6">
         <name>__mspabi_slli_10</name>
         <value>0x8244</value>
         <object_component_ref idref="oc-135"/>
      </symbol>
      <symbol id="sm-1be">
         <name>__mspabi_srli_8</name>
         <value>0x81d2</value>
         <object_component_ref idref="oc-13a"/>
      </symbol>
      <symbol id="sm-1bf">
         <name>__mspabi_srli_9</name>
         <value>0x81ce</value>
         <object_component_ref idref="oc-13a"/>
      </symbol>
      <symbol id="sm-1c0">
         <name>__mspabi_srli_6</name>
         <value>0x81da</value>
         <object_component_ref idref="oc-13a"/>
      </symbol>
      <symbol id="sm-1c1">
         <name>__mspabi_srli_7</name>
         <value>0x81d6</value>
         <object_component_ref idref="oc-13a"/>
      </symbol>
      <symbol id="sm-1c2">
         <name>__mspabi_srli_4</name>
         <value>0x81e2</value>
         <object_component_ref idref="oc-13a"/>
      </symbol>
      <symbol id="sm-1c3">
         <name>__mspabi_srli_5</name>
         <value>0x81de</value>
         <object_component_ref idref="oc-13a"/>
      </symbol>
      <symbol id="sm-1c4">
         <name>__mspabi_srli_2</name>
         <value>0x81ea</value>
         <object_component_ref idref="oc-13a"/>
      </symbol>
      <symbol id="sm-1c5">
         <name>__mspabi_srli_3</name>
         <value>0x81e6</value>
         <object_component_ref idref="oc-13a"/>
      </symbol>
      <symbol id="sm-1c6">
         <name>__mspabi_srli_1</name>
         <value>0x81ee</value>
         <object_component_ref idref="oc-13a"/>
      </symbol>
      <symbol id="sm-1c7">
         <name>__mspabi_srli</name>
         <value>0x81a8</value>
         <object_component_ref idref="oc-13a"/>
      </symbol>
      <symbol id="sm-1c8">
         <name>__mspabi_srli_15</name>
         <value>0x81b6</value>
         <object_component_ref idref="oc-13a"/>
      </symbol>
      <symbol id="sm-1c9">
         <name>__mspabi_srli_14</name>
         <value>0x81ba</value>
         <object_component_ref idref="oc-13a"/>
      </symbol>
      <symbol id="sm-1ca">
         <name>__mspabi_srli_13</name>
         <value>0x81be</value>
         <object_component_ref idref="oc-13a"/>
      </symbol>
      <symbol id="sm-1cb">
         <name>__mspabi_srli_12</name>
         <value>0x81c2</value>
         <object_component_ref idref="oc-13a"/>
      </symbol>
      <symbol id="sm-1cc">
         <name>__mspabi_srli_11</name>
         <value>0x81c6</value>
         <object_component_ref idref="oc-13a"/>
      </symbol>
      <symbol id="sm-1cd">
         <name>__mspabi_srli_10</name>
         <value>0x81ca</value>
         <object_component_ref idref="oc-13a"/>
      </symbol>
      <symbol id="sm-1db">
         <name>memcpy</name>
         <value>0x82c4</value>
         <object_component_ref idref="oc-14f"/>
      </symbol>
      <symbol id="sm-1e5">
         <name>__mspabi_mpyi_hw</name>
         <value>0x829e</value>
         <object_component_ref idref="oc-1f1"/>
      </symbol>
      <symbol id="sm-206">
         <name>_auto_init</name>
         <value>0x807c</value>
         <object_component_ref idref="oc-174"/>
      </symbol>
      <symbol id="sm-21c">
         <name>copy_in</name>
         <value>0x814e</value>
         <object_component_ref idref="oc-1c4"/>
      </symbol>
      <symbol id="sm-226">
         <name>_system_post_cinit</name>
         <value>0x82f4</value>
         <object_component_ref idref="oc-1ca"/>
      </symbol>
      <symbol id="sm-229">
         <name>__TI_BINIT_Base</name>
         <value>0x0</value>
      </symbol>
      <symbol id="sm-22a">
         <name>__TI_BINIT_Limit</name>
         <value>0x0</value>
      </symbol>
      <symbol id="sm-22b">
         <name>__TI_INITARRAY_Base</name>
         <value>0x0</value>
      </symbol>
      <symbol id="sm-22c">
         <name>__TI_INITARRAY_Limit</name>
         <value>0x0</value>
      </symbol>
   </symbol_table>
   <title>Link successful</title>
</link_info>
